(6,5,2,7307218)     Varying SET BITS
(4,5,2, 25013798
(8,5,2, 5243058
(10,5,2, 3797270)

(6,5,2,7307218) 
(6,5,1, 45993498)    Varying associativity
(6,5,4,5537346)
(6,5,64,2910918)

(6,5,2,7307218) 
(6,2,2,68984298)
(6,8,2, 4763478)     Varying block size
(6,16,2, 67615844)